// Vitest Snapshot v1, https://vitest.dev/guide/snapshot.html

exports[`render ExpenseDialog component corectly > should render ExpenseDialog component correctly 1`] = `null`;
